 
****************************************
Report : timing
        -path full_clock
        -delay max
        -physical
        -derate
        -input_pins
        -nets
        -max_paths 1
        -transition_time
        -crosstalk_delta
        -capacitance
Design : adder_top
Version: P-2019.03-SP5-5
Date   : Sat Apr  9 13:57:31 2022
****************************************

 * Some/all delay information is back-annotated.

Operating Conditions: slow   Library: m18gm180s_wci
	Parasitic source    : LPE
	Parasitic mode      : RealRC
	Extraction mode     : MIN_MAX
	Extraction derating : 0/25/125

Information: Percent of Arnoldi-based delays = 22.44%

  Startpoint: a_reg_reg_0_
              (rising edge-triggered flip-flop clocked by MAIN_CLOCK)
  Endpoint: u_rca16/carry_out_reg
            (rising edge-triggered flip-flop clocked by MAIN_CLOCK)
  Path Group: MAIN_CLOCK
  Path Type: max

Attributes:
    d - dont_touch
    u - dont_use
   mo - map_only
   so - size_only
    i - ideal_net or ideal_network

  Point                                       Fanout       Cap     DTran     Trans     Delta     Derate      Incr       Path      Location / Load        Attributes
  -----------------------------------------------------------------------------------------------------------------------------------------------------------------
  clock MAIN_CLOCK (rise edge)                                                                             0.0000     0.0000
  clock source latency                                                                                     0.4000     0.4000 r
  clk (in)                                                                  0.0000                         0.0000 @   0.4000 r    ( 0.00,180.22)
  clk (net)                                     1       0.0366                                             0.0000     0.4000 r    [0.01,0.04]            d 
  CLKINVX8_G1B2I1/A (INVX8)                                       0.0000    0.0060    0.0000               0.0021 @   0.4021 r    (129.32,183.04)        d 
  CLKINVX8_G1B2I1/Y (INVX8)                                                 0.1144                         0.0641 @   0.4663 f    (130.75,182.68)        d 
  clk_G1B1I1 (net)                              4       0.1004                                             0.0000     0.4663 f    [0.02,0.10]            d 
  INVX8_G1B1I3/A (CLKINVX8)                                       0.0000    0.1150    0.0000               0.0032 @   0.4695 f    (132.03,213.40)        d 
  INVX8_G1B1I3/Y (CLKINVX8)                                                 0.3121                         0.1593 @   0.6288 r    (133.24,213.28)        d 
  clk_G1B2I3 (net)                             35       0.1413                                             0.0000     0.6288 r    [0.04,0.14]            d 
  a_reg_reg_0_/CK (DFFRHQX1)                                      0.0000    0.3138    0.0000               0.0079 @   0.6367 r    (102.13,198.40)
  a_reg_reg_0_/CK (DFFRHQX1)                                      0.0000    0.3138    0.0000               0.0000     0.6367 r    (102.13,198.40)
  a_reg_reg_0_/Q (DFFRHQX1)                                                 0.4988                         0.5446     1.1813 r    (114.44,198.52)
  a_reg[0] (net)                                4       0.0175                                             0.0000     1.1813 r    [0.01,0.02]
  u_rca16/a_in[0] (ripple_carry_adder_16)                                                                  0.0000     1.1813 r    (netlink)
  u_rca16/a_in[0] (net)                                 0.0175                                             0.0000     1.1813 r    [0.01,0.02]
  u_rca16/u0/a (full_adder_15)                                                                             0.0000     1.1813 r    (netlink)
  u_rca16/u0/a (net)                                    0.0175                                             0.0000     1.1813 r    [0.01,0.02]
  u_rca16/u0/U1/A1 (OAI21X1)                                      0.0000    0.4988    0.0000               0.0012 &   1.1826 r    (114.76,178.68)
  u_rca16/u0/U1/Y (OAI21X1)                                                 0.1871                         0.1636     1.3462 f    (112.39,178.35)
  u_rca16/u0/n1 (net)                           1       0.0047                                             0.0000     1.3462 f    [0.00,0.00]
  u_rca16/u0/U2/B0 (OAI2BB1X1)                                    0.0000    0.1871    0.0000               0.0002 &   1.3464 f    (116.89,178.07)
  u_rca16/u0/U2/Y (OAI2BB1X1)                                               0.2379                         0.1505     1.4969 r    (117.95,177.44)
  u_rca16/u0/c_out (net)                        2       0.0090                                             0.0000     1.4969 r    [0.00,0.01]
  u_rca16/u0/c_out (full_adder_15)                                                                         0.0000     1.4969 r    (netlink)
  u_rca16/carry[0] (net)                                0.0090                                             0.0000     1.4969 r    [0.00,0.01]
  u_rca16/u1/c_in (full_adder_14)                                                                          0.0000     1.4969 r    (netlink)
  u_rca16/u1/c_in (net)                                 0.0090                                             0.0000     1.4969 r    [0.00,0.01]
  u_rca16/u1/U1/B0 (OAI21X1)                                      0.0000    0.2379    0.0000               0.0002 &   1.4971 r    (117.44,198.16)
  u_rca16/u1/U1/Y (OAI21X1)                                                 0.1974                         0.1190     1.6160 f    (117.97,198.51)
  u_rca16/u1/n1 (net)                           1       0.0043                                             0.0000     1.6160 f    [0.00,0.00]
  u_rca16/u1/U2/B0 (OAI2BB1X1)                                    0.0000    0.1974    0.0000               0.0001 &   1.6161 f    (117.55,193.29)
  u_rca16/u1/U2/Y (OAI2BB1X1)                                               0.2312                         0.1476     1.7637 r    (118.61,193.92)
  u_rca16/u1/c_out (net)                        2       0.0084                                             0.0000     1.7637 r    [0.00,0.01]
  u_rca16/u1/c_out (full_adder_14)                                                                         0.0000     1.7637 r    (netlink)
  u_rca16/carry[1] (net)                                0.0084                                             0.0000     1.7637 r    [0.00,0.01]
  u_rca16/u2/c_in (full_adder_13)                                                                          0.0000     1.7637 r    (netlink)
  u_rca16/u2/c_in (net)                                 0.0084                                             0.0000     1.7637 r    [0.00,0.01]
  u_rca16/u2/U1/B0 (OAI21X1)                                      0.0000    0.2312    0.0000               0.0003 &   1.7640 r    (122.72,203.44)
  u_rca16/u2/U1/Y (OAI21X1)                                                 0.2000                         0.1172     1.8813 f    (123.25,203.09)
  u_rca16/u2/n1 (net)                           1       0.0042                                             0.0000     1.8813 f    [0.00,0.00]
  u_rca16/u2/U2/B0 (OAI2BB1X1)                                    0.0000    0.2000    0.0000               0.0002 &   1.8815 f    (125.47,203.38)
  u_rca16/u2/U2/Y (OAI2BB1X1)                                               0.2344                         0.1495     2.0310 r    (126.53,204.00)
  u_rca16/u2/c_out (net)                        2       0.0086                                             0.0000     2.0310 r    [0.00,0.01]
  u_rca16/u2/c_out (full_adder_13)                                                                         0.0000     2.0310 r    (netlink)
  u_rca16/carry[2] (net)                                0.0086                                             0.0000     2.0310 r    [0.00,0.01]
  u_rca16/u3/c_in (full_adder_12)                                                                          0.0000     2.0310 r    (netlink)
  u_rca16/u3/c_in (net)                                 0.0086                                             0.0000     2.0310 r    [0.00,0.01]
  u_rca16/u3/U1/B0 (OAI21X1)                                      0.0000    0.2344    0.0000               0.0002 &   2.0311 r    (127.34,223.60)
  u_rca16/u3/U1/Y (OAI21X1)                                                 0.1984                         0.1190     2.1501 f    (127.87,223.25)
  u_rca16/u3/n1 (net)                           1       0.0044                                             0.0000     2.1501 f    [0.00,0.00]
  u_rca16/u3/U2/B0 (OAI2BB1X1)                                    0.0000    0.1984    0.0000               0.0002 &   2.1503 f    (130.09,223.54)
  u_rca16/u3/U2/Y (OAI2BB1X1)                                               0.2360                         0.1503     2.3006 r    (131.15,224.16)
  u_rca16/u3/c_out (net)                        2       0.0087                                             0.0000     2.3006 r    [0.00,0.01]
  u_rca16/u3/c_out (full_adder_12)                                                                         0.0000     2.3006 r    (netlink)
  u_rca16/carry[3] (net)                                0.0087                                             0.0000     2.3006 r    [0.00,0.01]
  u_rca16/u4/c_in (full_adder_11)                                                                          0.0000     2.3006 r    (netlink)
  u_rca16/u4/c_in (net)                                 0.0087                                             0.0000     2.3006 r    [0.00,0.01]
  u_rca16/u4/U1/B0 (OAI21X1)                                      0.0000    0.2360    0.0000               0.0003 &   2.3009 r    (134.60,233.68)
  u_rca16/u4/U1/Y (OAI21X1)                                                 0.2260                         0.1251     2.4259 f    (135.13,233.33)
  u_rca16/u4/n1 (net)                           1       0.0053                                             0.0000     2.4259 f    [0.00,0.01]
  u_rca16/u4/U2/B0 (OAI2BB1X1)                                    0.0000    0.2260    0.0000               0.0002 &   2.4262 f    (143.95,233.62)
  u_rca16/u4/U2/Y (OAI2BB1X1)                                               0.2521                         0.1611     2.5873 r    (145.01,234.24)
  u_rca16/u4/c_out (net)                        2       0.0096                                             0.0000     2.5873 r    [0.00,0.01]
  u_rca16/u4/c_out (full_adder_11)                                                                         0.0000     2.5873 r    (netlink)
  u_rca16/carry[4] (net)                                0.0096                                             0.0000     2.5873 r    [0.00,0.01]
  u_rca16/u5/c_in (full_adder_10)                                                                          0.0000     2.5873 r    (netlink)
  u_rca16/u5/c_in (net)                                 0.0096                                             0.0000     2.5873 r    [0.00,0.01]
  u_rca16/u5/U1/B0 (OAI21X1)                                      0.0000    0.2521    0.0000               0.0005 &   2.5877 r    (145.82,243.76)
  u_rca16/u5/U1/Y (OAI21X1)                                                 0.2309                         0.1240     2.7117 f    (146.35,243.41)
  u_rca16/u5/n1 (net)                           1       0.0048                                             0.0000     2.7117 f    [0.00,0.00]
  u_rca16/u5/U2/B0 (OAI2BB1X1)                                    0.0000    0.2309    0.0000               0.0002 &   2.7119 f    (143.17,238.54)
  u_rca16/u5/U2/Y (OAI2BB1X1)                                               0.2552                         0.1632     2.8751 r    (142.11,237.92)
  u_rca16/u5/c_out (net)                        2       0.0097                                             0.0000     2.8751 r    [0.00,0.01]
  u_rca16/u5/c_out (full_adder_10)                                                                         0.0000     2.8751 r    (netlink)
  u_rca16/carry[5] (net)                                0.0097                                             0.0000     2.8751 r    [0.00,0.01]
  u_rca16/u6/c_in (full_adder_9)                                                                           0.0000     2.8751 r    (netlink)
  u_rca16/u6/c_in (net)                                 0.0097                                             0.0000     2.8751 r    [0.00,0.01]
  u_rca16/u6/U1/B0 (OAI21X1)                                      0.0000    0.2552    0.0000               0.0003 &   2.8754 r    (124.70,233.68)
  u_rca16/u6/U1/Y (OAI21X1)                                                 0.2438                         0.1231     2.9985 f    (125.23,233.33)
  u_rca16/u6/n1 (net)                           1       0.0046                                             0.0000     2.9985 f    [0.00,0.00]
  u_rca16/u6/U2/B0 (OAI2BB1X1)                                    0.0000    0.2438    0.0000               0.0002 &   2.9987 f    (120.85,233.62)
  u_rca16/u6/U2/Y (OAI2BB1X1)                                               0.2397                         0.1554     3.1541 r    (121.91,234.24)
  u_rca16/u6/c_out (net)                        2       0.0084                                             0.0000     3.1541 r    [0.00,0.01]
  u_rca16/u6/c_out (full_adder_9)                                                                          0.0000     3.1541 r    (netlink)
  u_rca16/carry[6] (net)                                0.0084                                             0.0000     3.1541 r    [0.00,0.01]
  u_rca16/u7/c_in (full_adder_8)                                                                           0.0000     3.1541 r    (netlink)
  u_rca16/u7/c_in (net)                                 0.0084                                             0.0000     3.1541 r    [0.00,0.01]
  u_rca16/u7/U1/B0 (OAI21X1)                                      0.0000    0.2397    0.0000               0.0001 &   3.1542 r    (122.72,223.60)
  u_rca16/u7/U1/Y (OAI21X1)                                                 0.2219                         0.1205     3.2747 f    (123.25,223.25)
  u_rca16/u7/n1 (net)                           1       0.0045                                             0.0000     3.2747 f    [0.00,0.00]
  u_rca16/u7/U2/B0 (OAI2BB1X1)                                    0.0000    0.2219    0.0000               0.0002 &   3.2749 f    (118.87,223.54)
  u_rca16/u7/U2/Y (OAI2BB1X1)                                               0.3210                         0.1993     3.4741 r    (119.93,224.16)
  u_rca16/u7/c_out (net)                        2       0.0148                                             0.0000     3.4741 r    [0.01,0.01]
  u_rca16/u7/c_out (full_adder_8)                                                                          0.0000     3.4741 r    (netlink)
  u_rca16/carry[7] (net)                                0.0148                                             0.0000     3.4741 r    [0.01,0.01]
  u_rca16/u8/c_in (full_adder_7)                                                                           0.0000     3.4741 r    (netlink)
  u_rca16/u8/c_in (net)                                 0.0148                                             0.0000     3.4741 r    [0.01,0.01]
  u_rca16/u8/U1/B0 (OAI21X1)                                      0.0000    0.3210    0.0000               0.0010 &   3.4751 r    (117.44,147.76)
  u_rca16/u8/U1/Y (OAI21X1)                                                 0.1905                         0.1341     3.6092 f    (117.97,148.11)
  u_rca16/u8/n1 (net)                           1       0.0048                                             0.0000     3.6092 f    [0.00,0.00]
  u_rca16/u8/U2/B0 (OAI2BB1X1)                                    0.0000    0.1905    0.0000               0.0002 &   3.6094 f    (121.51,142.90)
  u_rca16/u8/U2/Y (OAI2BB1X1)                                               0.2255                         0.1440     3.7534 r    (122.57,143.52)
  u_rca16/u8/c_out (net)                        2       0.0080                                             0.0000     3.7534 r    [0.00,0.01]
  u_rca16/u8/c_out (full_adder_7)                                                                          0.0000     3.7534 r    (netlink)
  u_rca16/carry[8] (net)                                0.0080                                             0.0000     3.7534 r    [0.00,0.01]
  u_rca16/u9/c_in (full_adder_6)                                                                           0.0000     3.7534 r    (netlink)
  u_rca16/u9/c_in (net)                                 0.0080                                             0.0000     3.7534 r    [0.00,0.01]
  u_rca16/u9/U1/B0 (OAI21X1)                                      0.0000    0.2255    0.0000               0.0002 &   3.7536 r    (121.50,132.88)
  u_rca16/u9/U1/Y (OAI21X1)                                                 0.1781                         0.1185     3.8720 f    (120.97,132.53)
  u_rca16/u9/n1 (net)                           1       0.0045                                             0.0000     3.8720 f    [0.00,0.00]
  u_rca16/u9/U2/B0 (OAI2BB1X1)                                    0.0000    0.1781    0.0000               0.0002 &   3.8722 f    (125.47,132.82)
  u_rca16/u9/U2/Y (OAI2BB1X1)                                               0.2374                         0.1496     4.0218 r    (126.53,133.44)
  u_rca16/u9/c_out (net)                        2       0.0091                                             0.0000     4.0218 r    [0.00,0.01]
  u_rca16/u9/c_out (full_adder_6)                                                                          0.0000     4.0218 r    (netlink)
  u_rca16/carry[9] (net)                                0.0091                                             0.0000     4.0218 r    [0.00,0.01]
  u_rca16/u10/c_in (full_adder_5)                                                                          0.0000     4.0218 r    (netlink)
  u_rca16/u10/c_in (net)                                0.0091                                             0.0000     4.0218 r    [0.00,0.01]
  u_rca16/u10/U1/B0 (OAI21X1)                                     0.0000    0.2374    0.0000               0.0004 &   4.0222 r    (136.02,147.76)
  u_rca16/u10/U1/Y (OAI21X1)                                                0.1917                         0.1207     4.1429 f    (135.49,148.11)
  u_rca16/u10/n1 (net)                          1       0.0046                                             0.0000     4.1429 f    [0.00,0.00]
  u_rca16/u10/U2/B0 (OAI2BB1X1)                                   0.0000    0.1917    0.0000               0.0002 &   4.1431 f    (139.87,147.82)
  u_rca16/u10/U2/Y (OAI2BB1X1)                                              0.2358                         0.1497     4.2928 r    (138.81,147.20)
  u_rca16/u10/c_out (net)                       2       0.0088                                             0.0000     4.2928 r    [0.00,0.01]
  u_rca16/u10/c_out (full_adder_5)                                                                         0.0000     4.2928 r    (netlink)
  u_rca16/carry[10] (net)                               0.0088                                             0.0000     4.2928 r    [0.00,0.01]
  u_rca16/u11/c_in (full_adder_4)                                                                          0.0000     4.2928 r    (netlink)
  u_rca16/u11/c_in (net)                                0.0088                                             0.0000     4.2928 r    [0.00,0.01]
  u_rca16/u11/U1/B0 (OAI21X1)                                     0.0000    0.2358    0.0000               0.0002 &   4.2930 r    (137.90,163.12)
  u_rca16/u11/U1/Y (OAI21X1)                                                0.2020                         0.1243     4.4172 f    (138.43,162.77)
  u_rca16/u11/n1 (net)                          1       0.0052                                             0.0000     4.4172 f    [0.00,0.01]
  u_rca16/u11/U2/B0 (OAI2BB1X1)                                   0.0000    0.2020    0.0000               0.0002 &   4.4174 f    (146.59,163.05)
  u_rca16/u11/U2/Y (OAI2BB1X1)                                              0.2329                         0.1488     4.5662 r    (147.65,163.68)
  u_rca16/u11/c_out (net)                       2       0.0084                                             0.0000     4.5662 r    [0.00,0.01]
  u_rca16/u11/c_out (full_adder_4)                                                                         0.0000     4.5662 r    (netlink)
  u_rca16/carry[11] (net)                               0.0084                                             0.0000     4.5662 r    [0.00,0.01]
  u_rca16/u12/c_in (full_adder_3)                                                                          0.0000     4.5662 r    (netlink)
  u_rca16/u12/c_in (net)                                0.0084                                             0.0000     4.5662 r    [0.00,0.01]
  u_rca16/u12/U1/B0 (OAI21X1)                                     0.0000    0.2329    0.0000               0.0003 &   4.5665 r    (161.66,163.12)
  u_rca16/u12/U1/Y (OAI21X1)                                                0.2055                         0.1200     4.6865 f    (162.19,162.77)
  u_rca16/u12/n1 (net)                          1       0.0046                                             0.0000     4.6865 f    [0.00,0.00]
  u_rca16/u12/U2/B0 (OAI2BB1X1)                                   0.0000    0.2055    0.0000               0.0002 &   4.6867 f    (167.05,163.05)
  u_rca16/u12/U2/Y (OAI2BB1X1)                                              0.2279                         0.1463     4.8330 r    (168.11,163.68)
  u_rca16/u12/c_out (net)                       2       0.0080                                             0.0000     4.8330 r    [0.00,0.01]
  u_rca16/u12/c_out (full_adder_3)                                                                         0.0000     4.8330 r    (netlink)
  u_rca16/carry[12] (net)                               0.0080                                             0.0000     4.8330 r    [0.00,0.01]
  u_rca16/u13/c_in (full_adder_2)                                                                          0.0000     4.8330 r    (netlink)
  u_rca16/u13/c_in (net)                                0.0080                                             0.0000     4.8330 r    [0.00,0.01]
  u_rca16/u13/U1/B0 (OAI21X1)                                     0.0000    0.2279    0.0000               0.0003 &   4.8333 r    (170.24,153.04)
  u_rca16/u13/U1/Y (OAI21X1)                                                0.1902                         0.1190     4.9523 f    (170.77,152.69)
  u_rca16/u13/n1 (net)                          1       0.0045                                             0.0000     4.9523 f    [0.00,0.00]
  u_rca16/u13/U2/B0 (OAI2BB1X1)                                   0.0000    0.1902    0.0000               0.0002 &   4.9525 f    (174.97,152.98)
  u_rca16/u13/U2/Y (OAI2BB1X1)                                              0.2463                         0.1553     5.1078 r    (176.03,153.60)
  u_rca16/u13/c_out (net)                       2       0.0096                                             0.0000     5.1078 r    [0.00,0.01]
  u_rca16/u13/c_out (full_adder_2)                                                                         0.0000     5.1078 r    (netlink)
  u_rca16/carry[13] (net)                               0.0096                                             0.0000     5.1078 r    [0.00,0.01]
  u_rca16/u14/c_in (full_adder_1)                                                                          0.0000     5.1078 r    (netlink)
  u_rca16/u14/c_in (net)                                0.0096                                             0.0000     5.1078 r    [0.00,0.01]
  u_rca16/u14/U1/B0 (OAI21X1)                                     0.0000    0.2463    0.0000               0.0003 &   5.1081 r    (184.20,137.68)
  u_rca16/u14/U1/Y (OAI21X1)                                                0.1964                         0.1234     5.2315 f    (183.67,138.03)
  u_rca16/u14/n1 (net)                          1       0.0048                                             0.0000     5.2315 f    [0.00,0.00]
  u_rca16/u14/U2/B0 (OAI2BB1X1)                                   0.0000    0.1964    0.0000               0.0002 &   5.2317 f    (186.85,142.90)
  u_rca16/u14/U2/Y (OAI2BB1X1)                                              0.2403                         0.1525     5.3842 r    (187.91,143.52)
  u_rca16/u14/c_out (net)                       2       0.0091                                             0.0000     5.3842 r    [0.00,0.01]
  u_rca16/u14/c_out (full_adder_1)                                                                         0.0000     5.3842 r    (netlink)
  u_rca16/carry[14] (net)                               0.0091                                             0.0000     5.3842 r    [0.00,0.01]
  u_rca16/u15/c_in (full_adder_0)                                                                          0.0000     5.3842 r    (netlink)
  u_rca16/u15/c_in (net)                                0.0091                                             0.0000     5.3842 r    [0.00,0.01]
  u_rca16/u15/U1/B0 (OAI21X1)                                     0.0000    0.2403    0.0000               0.0003 &   5.3845 r    (194.76,153.04)
  u_rca16/u15/U1/Y (OAI21X1)                                                0.1837                         0.1192     5.5038 f    (194.23,152.69)
  u_rca16/u15/n1 (net)                          1       0.0043                                             0.0000     5.5038 f    [0.00,0.00]
  u_rca16/u15/U2/B0 (OAI2BB1X1)                                   0.0000    0.1837    0.0000               0.0001 &   5.5038 f    (195.97,157.90)
  u_rca16/u15/U2/Y (OAI2BB1X1)                                              0.1861                         0.1221     5.6260 r    (194.91,157.28)
  u_rca16/u15/c_out (net)                       1       0.0052                                             0.0000     5.6260 r    [0.00,0.01]
  u_rca16/u15/c_out (full_adder_0)                                                                         0.0000     5.6260 r    (netlink)
  u_rca16/carry[15] (net)                               0.0052                                             0.0000     5.6260 r    [0.00,0.01]
  u_rca16/carry_out_reg/D (DFFRHQX1)                              0.0000    0.1861    0.0000               0.0002 &   5.6262 r    (191.51,179.05)
  data arrival time                                                                                                   5.6262

  clock MAIN_CLOCK (rise edge)                                                                             6.0000     6.0000
  clock source latency                                                                                     0.4000     6.4000 r
  clk (in)                                                                  0.0000                         0.0000 @   6.4000 r    ( 0.00,180.22)
  clk (net)                                     1       0.0366                                             0.0000     6.4000 r    [0.01,0.04]            d 
  CLKINVX8_G1B2I1/A (INVX8)                                       0.0000    0.0060    0.0000               0.0021 @   6.4021 r    (129.32,183.04)        d 
  CLKINVX8_G1B2I1/Y (INVX8)                                                 0.1144                         0.0641 @   6.4663 f    (130.75,182.68)        d 
  clk_G1B1I1 (net)                              4       0.1004                                             0.0000     6.4663 f    [0.02,0.10]            d 
  CLKINVX8_G1B1I2/A (INVX8)                                       0.0000    0.1152    0.0000               0.0056 @   6.4719 f    (203.24,223.37)        d 
  CLKINVX8_G1B1I2/Y (INVX8)                                                 0.2896                         0.1486 @   6.6205 r    (204.67,223.00)        d 
  clk_G1B2I2 (net)                             30       0.1272                                             0.0000     6.6205 r    [0.04,0.13]            d 
  u_rca16/clk_cts_2 (ripple_carry_adder_16)                                                                0.0000     6.6205 r    (netlink)
  u_rca16/clk_cts_2 (net)                               0.1272                                             0.0000     6.6205 r    [0.04,0.13]            d 
  u_rca16/carry_out_reg/CK (DFFRHQX1)                             0.0000    0.2904    0.0000               0.0086 @   6.6291 r    (192.25,178.24)
  clock uncertainty                                                                                       -0.3000     6.3291
  u_rca16/carry_out_reg/CK (DFFRHQX1)                                                                      0.0000     6.3291 r
  library setup time                                                                                      -0.2343     6.0948
  data required time                                                                                                  6.0948
  -----------------------------------------------------------------------------------------------------------------------------------------------------------------
  data required time                                                                                                  6.0948
  data arrival time                                                                                                  -5.6262
  -----------------------------------------------------------------------------------------------------------------------------------------------------------------
  slack (MET)                                                                                                         0.4686


1
